npm warn deprecated eslint@9.19.0: This version is no longer supported. Please see https://eslint.org/version-support for other options.

added 373 packages, and audited 374 packages in 2m

86 packages are looking for funding
  run `npm fund` for details

2 low severity vulnerabilities

To address all issues, run:
  npm audit fix --force

Run `npm audit` for details.
Installing @remotion/player
$ npm i --save-exact --no-fund --no-audit @remotion/player@4.0.523

added 4 packages in 5s
+ @remotion/player@4.0.523

added 2 packages, changed 2 packages, and audited 380 packages in 2s

87 packages are looking for funding
  run `npm fund` for details

2 low severity vulnerabilities

To address all issues, run:
  npm audit fix --force

Run `npm audit` for details.

added 1 package, and audited 381 packages in 3s

87 packages are looking for funding
  run `npm fund` for details

2 low severity vulnerabilities

To address all issues, run:
  npm audit fix --force

Run `npm audit` for details.
